  console.log
    [dotenv@17.3.1] injecting env (0) from .env -- tip: ÔÜÖ´©Å  write to custom object with { processEnv: myObject }

      at _log (node_modules/dotenv/lib/main.js:139:11)

node.exe : 
Au caractère Ligne:1 : 1
+ & "C:\Program Files\nodejs/node.exe" "C:\Users\4js\AppData\Roaming\np ...
+ ~~~~~~~~~~~~~~~~~~~~~~~~~~~~~~~~~~~~~~~~~~~~~~~~~~~~~~~~~~~~~~~~~~~~~
    + CategoryInfo          : NotSpecified: (:String) [], RemoteException
    + FullyQualifiedErrorId : NativeCommandError
 
  ÔùÅ  Cannot log after tests are done. Did you forget to wait for 
something async in your test?
    Attempted to log "AI Academy backend listening at 
http://localhost:3000".

    [0m [90m 117 |[39m [90m// Start Server[39m
     [90m 118 |[39m app[33m.[39mlisten(port[33m,[39m () [33m=>[39m 
{
    [31m[1m>[22m[39m[90m 119 |[39m     
console[33m.[39mlog([32m`AI Academy backend listening at 
http://localhost:${port}`[39m)[33m;[39m
     [90m     |[39m             [31m[1m^[22m[39m
     [90m 120 |[39m })[33m;[39m
     [90m 121 |[39m
     [90m 122 |[39m [90m// Graceful shutdown[39m[0m

      at console.log (node_modules/@jest/console/build/index.js:311:10)
      at Server.log (server/app.js:119:13)
      at Server.f (node_modules/once/once.js:25:25)

FAIL test/users.test.js
  Users API Endpoints
    ├ù Should create a new user (Enroll Employee) (1 ms)

  ÔùÅ Users API Endpoints ÔÇ║ Should create a new user (Enroll Employee)

    TypeError: app.address is not a function

    [0m [90m 20 |[39m
     [90m 21 |[39m         [36mconst[39m res [33m=[39m 
[36mawait[39m request(app)
    [31m[1m>[22m[39m[90m 22 |[39m             
[33m.[39mpost([32m'/api/users'[39m)
     [90m    |[39m              [31m[1m^[22m[39m
     [90m 23 |[39m             [33m.[39msend({
     [90m 24 |[39m                 firstName[33m:[39m 
[32m'Test'[39m[33m,[39m
     [90m 25 |[39m                 lastName[33m:[39m 
[32m'User'[39m[33m,[39m[0m

      at Test.serverAddress (node_modules/supertest/lib/test.js:61:22)
      at new Test (node_modules/supertest/lib/test.js:49:14)
      at Object.obj.<computed> [as post] 
(node_modules/supertest/index.js:40:18)
      at Object.post (test/users.test.js:22:14)

Test Suites: 1 failed, 1 total
Tests:       1 failed, 1 total
Snapshots:   0 total
Time:        0.4 s, estimated 1 s
Ran all test suites.
